false
a
5
b
2
F
UBUB
YULU
RBLL
URBY
RRRY
.
..
..L
...R
.....

ByrullbyRuulbyrrulbyyrulB
.
..
..L
..UU
.YYYY

bYrullbyRuulbyrrulbyyrulb
RBBBBR
BYLLLLLLRBYBLRBBYRRRBUBYULRLUBYUULUYUYUUULUYLLRYYBRURRLBYUYL