true
a
0
b
0
F
YBLY
YRUR
BBLB
RBLB
RUUY
.
..
...
....
.....

byrullbyruulbyrrulbyyrulb
.
..
...
....
.....

byrullbyruulbyrrulbyyrulb

RLYBRBLLRRURLLUULBRLURUBUYYLYLLRRYYLRUBYLUUYBBRBUYBUYUYUBYBLYRULLYRUUBRULYBRBRYL
