Error reading file - Player 1 turn value is invalid