true
test name
0
test name2
0
F
YBLY
YRUR
BBLB
RBLB
RUUY
.
..
...
....
.....

byrullbyruulbyrrulbyyrulb
.
..
...
....
.....

byrullbyruulbyrrulbyyrulb

RLYBRBLLRRURLLUULBRLURUBUYYLYLLRRYYLRUBYLUUYBBRBUYBUYUYUBYBLYRULLYRUUBRULYBRBRYL
